<?xml version="1.0" encoding="UTF-8"?>
<map:businessObjectMap xmlns:GetLocation3X2BResponseMsg="smo://smo/name%3Dwsdl-body/message%3D%257Bhttp%253A%252F%252Fei%252Flocation%252Flocation_retrieval_loc3x2b%257DGetLocation3X2BResponseMsg/xpath%3D%252Fbody/namespace%3DBOMap/smo.xsd" xmlns:GetLocationResponseMsg="smo://smo/name%3Dwsdl-body/message%3D%257Bhttp%253A%252F%252Fei%252Flocation%252Flocation_retrieval_loc3x2%257DGetLocationResponseMsg/xpath%3D%252Fbody/namespace%3DBOMap/smo.xsd" xmlns:LocationRetrievalLOC3X2GetLocationReplyMap="http://Location3MediationModule" xmlns:map="http://www.ibm.com/xmlns/prod/websphere/wbiserver/map/6.0.0" targetNamespace="http://Location3MediationModule">
  <map:name>LocationRetrievalLOC3X2GetLocationReplyMap</map:name>
  <map:inputBusinessObjectVariable businessObjectRef="GetLocation3X2BResponseMsg:GetLocation3X2BResponseMsg" name="GetLocation3X2BResponseMsg"/>
  <map:outputBusinessObjectVariable businessObjectRef="GetLocationResponseMsg:GetLocationResponseMsg" name="GetLocationResponseMsg"/>
  <map:propertyMap executionOrder="1">
    <map:move>
      <map:input businessObjectVariableRef="GetLocation3X2BResponseMsg" property="GetLocation3X2BResponse/GetLocationReply/Location"/>
      <map:output businessObjectVariableRef="GetLocationResponseMsg" property="GetLocationResponse/GetLocationReply/Location"/>
    </map:move>
  </map:propertyMap>
  <map:propertyMap executionOrder="2">
    <map:move>
      <map:input businessObjectVariableRef="GetLocation3X2BResponseMsg" property="GetLocation3X2BResponse/GetLocationReply/StatusInformation"/>
      <map:output businessObjectVariableRef="GetLocationResponseMsg" property="GetLocationResponse/GetLocationReply/StatusInformation"/>
    </map:move>
  </map:propertyMap>
</map:businessObjectMap>