<?xml version="1.0" encoding="UTF-8"?>
<map:businessObjectMap xmlns:GetLocationReply="http://ei/location/get_location_reply_loc3x3b" xmlns:LOC3X3BGetLocationStandardizeOSUSAddressReplyMap="http://LocationServices/LOC3X3" xmlns:StandardizeOSUSAddressReply="http://ei/location/standardize_osus_address_reply_loc2x2" xmlns:map="http://www.ibm.com/xmlns/prod/websphere/wbiserver/map/6.0.0" targetNamespace="http://LocationServices/LOC3X3">
  <map:name>LOC3X3BGetLocationStandardizeOSUSAddressReplyMap</map:name>
  <map:inputBusinessObjectVariable businessObjectRef="StandardizeOSUSAddressReply:StandardizeOSUSAddressReply" name="StandardizeOSUSAddressReply"/>
  <map:outputBusinessObjectVariable businessObjectRef="GetLocationReply:GetLocationReply" name="GetLocationReply"/>
  <map:propertyMap executionOrder="1">
    <map:submap submapName="LOC3X3BGetLocationStandardizeOSUSAddressReplyMap:LOC3X3StatusInformationSubmap">
      <map:input businessObjectVariableRef="StandardizeOSUSAddressReply" property="StatusInformation" variableName="StatusInformation"/>
      <map:output businessObjectVariableRef="GetLocationReply" property="StatusInformation" variableName="StatusInformation_1"/>
    </map:submap>
  </map:propertyMap>
  <map:propertyMap executionOrder="2">
    <map:move>
      <map:input businessObjectVariableRef="StandardizeOSUSAddressReply" property="StandardizedAddress/AddressLine1"/>
      <map:output businessObjectVariableRef="GetLocationReply" property="Location/StandardizedAddress/AddressLine1"/>
    </map:move>
  </map:propertyMap>
  <map:propertyMap executionOrder="3">
    <map:move>
      <map:input businessObjectVariableRef="StandardizeOSUSAddressReply" property="StandardizedAddress/BuildingName"/>
      <map:output businessObjectVariableRef="GetLocationReply" property="Location/StandardizedAddress/BuildingName"/>
    </map:move>
  </map:propertyMap>
  <map:propertyMap executionOrder="4">
    <map:move>
      <map:input businessObjectVariableRef="StandardizeOSUSAddressReply" property="StandardizedAddress/StreetNumber"/>
      <map:output businessObjectVariableRef="GetLocationReply" property="Location/StandardizedAddress/StreetNumber"/>
    </map:move>
  </map:propertyMap>
  <map:propertyMap executionOrder="5">
    <map:move>
      <map:input businessObjectVariableRef="StandardizeOSUSAddressReply" property="StandardizedAddress/StreetName"/>
      <map:output businessObjectVariableRef="GetLocationReply" property="Location/StandardizedAddress/StreetName"/>
    </map:move>
  </map:propertyMap>
  <map:propertyMap executionOrder="6">
    <map:move>
      <map:input businessObjectVariableRef="StandardizeOSUSAddressReply" property="StandardizedAddress/CityName"/>
      <map:output businessObjectVariableRef="GetLocationReply" property="Location/StandardizedAddress/CityName"/>
    </map:move>
  </map:propertyMap>
  <map:propertyMap executionOrder="7">
    <map:move>
      <map:input businessObjectVariableRef="StandardizeOSUSAddressReply" property="StandardizedAddress/PostalCode"/>
      <map:output businessObjectVariableRef="GetLocationReply" property="Location/StandardizedAddress/PostalCode"/>
    </map:move>
  </map:propertyMap>
  <map:propertyMap executionOrder="8">
    <map:move>
      <map:input businessObjectVariableRef="StandardizeOSUSAddressReply" property="StandardizedAddress/StateOrProvinceName"/>
      <map:output businessObjectVariableRef="GetLocationReply" property="Location/StandardizedAddress/StateOrProvinceName"/>
    </map:move>
  </map:propertyMap>
  <map:propertyMap executionOrder="9">
    <map:move>
      <map:input businessObjectVariableRef="StandardizeOSUSAddressReply" property="StandardizedAddress/ISOCountryCode"/>
      <map:output businessObjectVariableRef="GetLocationReply" property="Location/StandardizedAddress/ISOCountryCode"/>
    </map:move>
  </map:propertyMap>
  <map:propertyMap executionOrder="10">
    <map:move>
      <map:input businessObjectVariableRef="StandardizeOSUSAddressReply" property="StandardizedAddress/CountryName"/>
      <map:output businessObjectVariableRef="GetLocationReply" property="Location/StandardizedAddress/CountryName"/>
    </map:move>
  </map:propertyMap>
  <map:propertyMap executionOrder="11">
    <map:move>
      <map:input businessObjectVariableRef="StandardizeOSUSAddressReply" property="StandardizedAddress/PostalStateAbbreviation"/>
      <map:output businessObjectVariableRef="GetLocationReply" property="Location/StandardizedAddress/PostalStateAbbreviation"/>
    </map:move>
  </map:propertyMap>
  <map:propertyMap executionOrder="12">
    <map:move>
      <map:input businessObjectVariableRef="StandardizeOSUSAddressReply" property="StandardizedAddress/Latitude"/>
      <map:output businessObjectVariableRef="GetLocationReply" property="Location/StandardizedAddress/Latitude"/>
    </map:move>
  </map:propertyMap>
  <map:propertyMap executionOrder="13">
    <map:move>
      <map:input businessObjectVariableRef="StandardizeOSUSAddressReply" property="StandardizedAddress/Longitude"/>
      <map:output businessObjectVariableRef="GetLocationReply" property="Location/StandardizedAddress/Longitude"/>
    </map:move>
  </map:propertyMap>
  <map:propertyMap executionOrder="14">
    <map:move>
      <map:input businessObjectVariableRef="StandardizeOSUSAddressReply" property="StandardizedAddress/GeoCodingStatusCode"/>
      <map:output businessObjectVariableRef="GetLocationReply" property="Location/StandardizedAddress/GeoCodingStatusCode"/>
    </map:move>
  </map:propertyMap>
</map:businessObjectMap>