<?xml version="1.0" encoding="UTF-8"?>
<map:businessObjectMap xmlns:GetLocationRequest="http://ei/location/get_location_request_loc3x3b" xmlns:LOC3X3BGetLocationStandardizeUSAddressRequestMap="http://LocationServices/LOC3X3" xmlns:StandardizeUSAddress2X2="http://ei/location/address_standardization_loc2x2" xmlns:map="http://www.ibm.com/xmlns/prod/websphere/wbiserver/map/6.0.0" targetNamespace="http://LocationServices/LOC3X3">
  <map:name>LOC3X3BGetLocationStandardizeUSAddressRequestMap</map:name>
  <map:inputBusinessObjectVariable businessObjectRef="GetLocationRequest:GetLocationRequest" name="GetLocationRequest"/>
  <map:outputBusinessObjectVariable businessObjectRef="StandardizeUSAddress2X2:StandardizeUSAddress2X2" name="StandardizeUSAddress2X2"/>
  <map:propertyMap executionOrder="1">
    <map:submap submapName="LOC3X3BGetLocationStandardizeUSAddressRequestMap:LOC3X3StandardizedAddressToStandardizedAddress">
      <map:input businessObjectVariableRef="GetLocationRequest" property="StandardizedAddress" variableName="StandardizedAddress"/>
      <map:output businessObjectVariableRef="StandardizeUSAddress2X2" property="StandardizeUSAddressRequest/StandardizedAddress" variableName="StandardizedAddress_1"/>
    </map:submap>
  </map:propertyMap>
</map:businessObjectMap>