This is pdfTeX, Version 3.141592653-2.6-1.40.27 (TeX Live 2025) (preloaded format=pdflatex 2025.3.8)  1 NOV 2025 16:22
entering extended mode
 restricted \write18 enabled.
 file:line:error style messages enabled.
 %&-line parsing enabled.
**/Users/albertohernandez/Documents/projects/loc3x1-camel-route/doc/camel_project
(/Users/albertohernandez/Documents/projects/loc3x1-camel-route/doc/camel_project.tex
LaTeX2e <2024-11-01> patch level 2
L3 programming layer <2025-01-18>
(/usr/local/texlive/2025/texmf-dist/tex/latex/base/article.cls
Document Class: article 2024/06/29 v1.4n Standard LaTeX document class
(/usr/local/texlive/2025/texmf-dist/tex/latex/base/size11.clo
File: size11.clo 2024/06/29 v1.4n Standard LaTeX file (size option)
)
\c@part=\count196
\c@section=\count197
\c@subsection=\count198
\c@subsubsection=\count199
\c@paragraph=\count266
\c@subparagraph=\count267
\c@figure=\count268
\c@table=\count269
\abovecaptionskip=\skip49
\belowcaptionskip=\skip50
\bibindent=\dimen141
) (/usr/local/texlive/2025/texmf-dist/tex/latex/l3backend/l3backend-pdftex.def
File: l3backend-pdftex.def 2024-05-08 L3 backend support: PDF output (pdfTeX)
\l__color_backend_stack_int=\count270
\l__pdf_internal_box=\box52
)
No file camel_project.aux.
\openout1 = `camel_project.aux'.

LaTeX Font Info:    Checking defaults for OML/cmm/m/it on input line 8.
LaTeX Font Info:    ... okay on input line 8.
LaTeX Font Info:    Checking defaults for OMS/cmsy/m/n on input line 8.
LaTeX Font Info:    ... okay on input line 8.
LaTeX Font Info:    Checking defaults for OT1/cmr/m/n on input line 8.
LaTeX Font Info:    ... okay on input line 8.
LaTeX Font Info:    Checking defaults for T1/cmr/m/n on input line 8.
LaTeX Font Info:    ... okay on input line 8.
LaTeX Font Info:    Checking defaults for TS1/cmr/m/n on input line 8.
LaTeX Font Info:    ... okay on input line 8.
LaTeX Font Info:    Checking defaults for OMX/cmex/m/n on input line 8.
LaTeX Font Info:    ... okay on input line 8.
LaTeX Font Info:    Checking defaults for U/cmr/m/n on input line 8.
LaTeX Font Info:    ... okay on input line 8.
LaTeX Font Info:    External font `cmex10' loaded for size
(Font)              <12> on input line 9.
LaTeX Font Info:    External font `cmex10' loaded for size
(Font)              <8> on input line 9.
LaTeX Font Info:    External font `cmex10' loaded for size
(Font)              <6> on input line 9.


[1

{/usr/local/texlive/2025/texmf-var/fonts/map/pdftex/updmap/pdftex.map}{/usr/local/texlive/2025/texmf-dist/fonts/enc/dvips/cm-super/cm-super-ts1.enc}]
Overfull \hbox (157.7481pt too wide) in paragraph at lines 33--34
[]\OT1/cmr/m/n/10.95 Local JARs: \OT1/cmtt/m/n/10.95 libs/xsd-javapojos-0.0.3-SNAPSHOT.jar\OT1/cmr/m/n/10.95 , \OT1/cmtt/m/n/10.95 libs/soap-clients-0.0.1-SNAPSHOT.jar\OT1/cmr/m/n/10.95 . 
 []


Overfull \hbox (1.73424pt too wide) in paragraph at lines 40--41
\OT1/cmr/m/n/10.95 routes also ref-er-ences hosts/ports for \OT1/cmtt/m/n/10.95 LOC3X1M\OT1/cmr/m/n/10.95 , \OT1/cmtt/m/n/10.95 CRP11X1\OT1/cmr/m/n/10.95 , and \OT1/cmtt/m/n/10.95 CRP10X1\OT1/cmr/m/n/10.95 . These
 []


Overfull \hbox (5.69656pt too wide) in paragraph at lines 46--47
[]\OT1/cmtt/m/n/10.95 src/main/resources\OT1/cmr/m/n/10.95 : \OT1/cmtt/m/n/10.95 application.yml\OT1/cmr/m/n/10.95 , YAML route files, tem-plates. 
 []


Overfull \hbox (27.65704pt too wide) in paragraph at lines 53--54
[]\OT1/cmtt/m/n/10.95 com.locationretrievalloc3x1process.webservice.controller\OT1/cmr/m/n/10.95 : Spring
 []



[2]
Overfull \hbox (147.55782pt too wide) in paragraph at lines 55--56
[]\OT1/cmtt/m/n/10.95 com.locationretrievalloc3x1process.webservice.locationretrievalloc3x1process.config\OT1/cmr/m/n/10.95 :
 []


Overfull \hbox (34.86635pt too wide) in paragraph at lines 56--57
[]\OT1/cmtt/m/n/10.95 com.chubb.converter.util \OT1/cmr/m/n/10.95 and \OT1/cmtt/m/n/10.95 com.chubb.mappers.xmldto\OT1/cmr/m/n/10.95 : XML/XPath
 []


Overfull \hbox (11.29393pt too wide) in paragraph at lines 63--64
[]\OT1/cmr/m/n/10.95 Camel YAML routes en-abled with lo-ca-tions: \OT1/cmtt/m/n/10.95 classpath:camel/*.yaml,
 []


Overfull \hbox (0.25352pt too wide) in paragraph at lines 70--71
\OT1/cmr/m/n/10.95 The Spring Boot ap-pli-ca-tion main class is \OT1/cmtt/m/n/10.95 LocationRetrievalApplication\OT1/cmr/m/n/10.95 .
 []


Overfull \hbox (5.63605pt too wide) in paragraph at lines 70--71
\OT1/cmr/m/n/10.95 It scans the \OT1/cmtt/m/n/10.95 com.locationretrievalloc3x1process.webservice \OT1/cmr/m/n/10.95 base pack-
 []


Overfull \hbox (12.357pt too wide) in paragraph at lines 75--76
[]\OT1/cmtt/m/n/10.95 POST /location/retrieveList3x1\OT1/cmr/m/n/10.95 : ac-cepts a JSON \OT1/cmtt/m/n/10.95 LocationRequest\OT1/cmr/m/n/10.95 ,
 []



[3]
Overfull \hbox (12.63188pt too wide) in paragraph at lines 76--77
[]\OT1/cmtt/m/n/10.95 POST /location/retrieveWithTaxingJurisdictions\OT1/cmr/m/n/10.95 : ac-cepts a JSON
 []


Overfull \hbox (94.17809pt too wide) in paragraph at lines 76--77
\OT1/cmtt/m/n/10.95 LocationRequest\OT1/cmr/m/n/10.95 , sends to Camel \OT1/cmtt/m/n/10.95 direct:locationWithTaxingJurisdictionsProcess\OT1/cmr/m/n/10.95 . 
 []


Overfull \hbox (232.0854pt too wide) in paragraph at lines 83--84
[]\OT1/cmtt/m/n/10.95 camel/loc3x1-rest.yaml\OT1/cmr/m/n/10.95 : De-fines \OT1/cmtt/m/n/10.95 direct:locationProcess\OT1/cmr/m/n/10.95 , \OT1/cmtt/m/n/10.95 direct:locationWithTaxingJurisdictionsProcess\OT1/cmr/m/n/10.95 ,
 []


Overfull \hbox (12.0852pt too wide) in paragraph at lines 83--84
\OT1/cmtt/m/n/10.95 ValidationService\OT1/cmr/m/n/10.95 , op-tional en-rich-ment via \OT1/cmtt/m/n/10.95 EnrichmentService\OT1/cmr/m/n/10.95 , map-
 []


Overfull \hbox (35.7495pt too wide) in paragraph at lines 83--84
\OT1/cmr/m/n/10.95 ping via \OT1/cmtt/m/n/10.95 MappingService\OT1/cmr/m/n/10.95 , and Fire Dis-trict checks via \OT1/cmtt/m/n/10.95 FireDistrictService\OT1/cmr/m/n/10.95 .
 []


Overfull \hbox (64.0282pt too wide) in paragraph at lines 92--93
[]\OT1/cmr/bx/n/10.95 MappingService\OT1/cmr/m/n/10.95 : Pro-duces \OT1/cmtt/m/n/10.95 LocationListReply \OT1/cmr/m/n/10.95 via \OT1/cmtt/m/n/10.95 LocationListReplyService
 []


Overfull \hbox (66.65135pt too wide) in paragraph at lines 101--102
[]\OT1/cmr/m/n/10.95 Controller re-ceives \OT1/cmtt/m/n/10.95 LocationRequest \OT1/cmr/m/n/10.95 JSON and sends to \OT1/cmtt/m/n/10.95 direct:locationProcess\OT1/cmr/m/n/10.95 . 
 []



[4]
Overfull \hbox (10.94186pt too wide) in paragraph at lines 102--103
[]\OT1/cmr/m/n/10.95 Route val-i-dates the re-quest; on suc-cess, may en-rich miss-ing state/country
 []


Overfull \hbox (33.92209pt too wide) in paragraph at lines 124--125
\OT1/cmtt/m/n/10.95 direct:locationProcess\OT1/cmr/m/n/10.95 , \OT1/cmtt/m/n/10.95 direct:locationWithTaxingJurisdictionsProcess\OT1/cmr/m/n/10.95 ,
 []



[5]
Overfull \hbox (18.04501pt too wide) in paragraph at lines 137--137
 []\OT1/cmtt/m/n/10.95 curl -X POST http://localhost:8080/location/retrieveList3x1 \[] 
 []


Overfull \hbox (12.20557pt too wide) in paragraph at lines 142--143
[]\OT1/cmr/m/n/10.95 Update \OT1/cmtt/m/n/10.95 application.yml camel.springboot.yaml-routes.locations
 []


Overfull \hbox (1.80553pt too wide) in paragraph at lines 151--152
[]\OT1/cmr/m/n/10.95 For XML flows, val-i-date XPath pars-ing and mar-shalling/unmarshalling
 []



[6]

[7] (./camel_project.aux)
 ***********
LaTeX2e <2024-11-01> patch level 2
L3 programming layer <2025-01-18>
 ***********
 ) 
Here is how much of TeX's memory you used:
 478 strings out of 473190
 9219 string characters out of 5715801
 402238 words of memory out of 5000000
 23800 multiletter control sequences out of 15000+600000
 564209 words of font info for 54 fonts, out of 8000000 for 9000
 1141 hyphenation exceptions out of 8191
 35i,6n,50p,673b,221s stack positions out of 10000i,1000n,20000p,200000b,200000s
</usr/local/texlive/2025/texmf-dist/fonts/type1/public/amsfonts/cm/cmbx10.pfb></usr/local/texlive/2025/texmf-dist/fonts/type1/public/amsfonts/cm/cmbx12.pfb></usr/local/texlive/2025/texmf-dist/fonts/type1/public/amsfonts/cm/cmr10.pfb></usr/local/texlive/2025/texmf-dist/fonts/type1/public/amsfonts/cm/cmr12.pfb></usr/local/texlive/2025/texmf-dist/fonts/type1/public/amsfonts/cm/cmr17.pfb></usr/local/texlive/2025/texmf-dist/fonts/type1/public/amsfonts/cm/cmtt10.pfb></usr/local/texlive/2025/texmf-dist/fonts/type1/public/cm-super/sfrm1095.pfb>
Output written on camel_project.pdf (7 pages, 123244 bytes).
PDF statistics:
 64 PDF objects out of 1000 (max. 8388607)
 40 compressed objects within 1 object stream
 0 named destinations out of 1000 (max. 500000)
 1 words of extra memory for PDF output out of 10000 (max. 10000000)

