This is pdfTeX, Version 3.141592653-2.6-1.40.27 (TeX Live 2025) (preloaded format=pdflatex 2025.3.8)  19 NOV 2025 15:04
entering extended mode
 restricted \write18 enabled.
 file:line:error style messages enabled.
 %&-line parsing enabled.
**/Users/albertohernandez/Documents/projects/loc3x1-camel-route/doc/handbook
(/Users/albertohernandez/Documents/projects/loc3x1-camel-route/doc/handbook.tex
LaTeX2e <2024-11-01> patch level 2
L3 programming layer <2025-01-18>
(/usr/local/texlive/2025/texmf-dist/tex/latex/base/article.cls
Document Class: article 2024/06/29 v1.4n Standard LaTeX document class
(/usr/local/texlive/2025/texmf-dist/tex/latex/base/size11.clo
File: size11.clo 2024/06/29 v1.4n Standard LaTeX file (size option)
)
\c@part=\count196
\c@section=\count197
\c@subsection=\count198
\c@subsubsection=\count199
\c@paragraph=\count266
\c@subparagraph=\count267
\c@figure=\count268
\c@table=\count269
\abovecaptionskip=\skip49
\belowcaptionskip=\skip50
\bibindent=\dimen141
) (/usr/local/texlive/2025/texmf-dist/tex/latex/geometry/geometry.sty
Package: geometry 2020/01/02 v5.9 Page Geometry
 (/usr/local/texlive/2025/texmf-dist/tex/latex/graphics/keyval.sty
Package: keyval 2022/05/29 v1.15 key=value parser (DPC)
\KV@toks@=\toks17
) (/usr/local/texlive/2025/texmf-dist/tex/generic/iftex/ifvtex.sty
Package: ifvtex 2019/10/25 v1.7 ifvtex legacy package. Use iftex instead.
 (/usr/local/texlive/2025/texmf-dist/tex/generic/iftex/iftex.sty
Package: iftex 2024/12/12 v1.0g TeX engine tests
))
\Gm@cnth=\count270
\Gm@cntv=\count271
\c@Gm@tempcnt=\count272
\Gm@bindingoffset=\dimen142
\Gm@wd@mp=\dimen143
\Gm@odd@mp=\dimen144
\Gm@even@mp=\dimen145
\Gm@layoutwidth=\dimen146
\Gm@layoutheight=\dimen147
\Gm@layouthoffset=\dimen148
\Gm@layoutvoffset=\dimen149
\Gm@dimlist=\toks18
) (/usr/local/texlive/2025/texmf-dist/tex/latex/hyperref/hyperref.sty
Package: hyperref 2024-11-05 v7.01l Hypertext links for LaTeX
 (/usr/local/texlive/2025/texmf-dist/tex/latex/kvsetkeys/kvsetkeys.sty
Package: kvsetkeys 2022-10-05 v1.19 Key value parser (HO)
) (/usr/local/texlive/2025/texmf-dist/tex/generic/kvdefinekeys/kvdefinekeys.sty
Package: kvdefinekeys 2019-12-19 v1.6 Define keys (HO)
) (/usr/local/texlive/2025/texmf-dist/tex/generic/pdfescape/pdfescape.sty
Package: pdfescape 2019/12/09 v1.15 Implements pdfTeX's escape features (HO)
 (/usr/local/texlive/2025/texmf-dist/tex/generic/ltxcmds/ltxcmds.sty
Package: ltxcmds 2023-12-04 v1.26 LaTeX kernel commands for general use (HO)
) (/usr/local/texlive/2025/texmf-dist/tex/generic/pdftexcmds/pdftexcmds.sty
Package: pdftexcmds 2020-06-27 v0.33 Utility functions of pdfTeX for LuaTeX (HO)
 (/usr/local/texlive/2025/texmf-dist/tex/generic/infwarerr/infwarerr.sty
Package: infwarerr 2019/12/03 v1.5 Providing info/warning/error messages (HO)
)
Package pdftexcmds Info: \pdf@primitive is available.
Package pdftexcmds Info: \pdf@ifprimitive is available.
Package pdftexcmds Info: \pdfdraftmode found.
)) (/usr/local/texlive/2025/texmf-dist/tex/latex/hycolor/hycolor.sty
Package: hycolor 2020-01-27 v1.10 Color options for hyperref/bookmark (HO)
) (/usr/local/texlive/2025/texmf-dist/tex/latex/hyperref/nameref.sty
Package: nameref 2023-11-26 v2.56 Cross-referencing by name of section
 (/usr/local/texlive/2025/texmf-dist/tex/latex/refcount/refcount.sty
Package: refcount 2019/12/15 v3.6 Data extraction from label references (HO)
) (/usr/local/texlive/2025/texmf-dist/tex/generic/gettitlestring/gettitlestring.sty
Package: gettitlestring 2019/12/15 v1.6 Cleanup title references (HO)
 (/usr/local/texlive/2025/texmf-dist/tex/latex/kvoptions/kvoptions.sty
Package: kvoptions 2022-06-15 v3.15 Key value format for package options (HO)
))
\c@section@level=\count273
) (/usr/local/texlive/2025/texmf-dist/tex/latex/etoolbox/etoolbox.sty
Package: etoolbox 2025/02/11 v2.5l e-TeX tools for LaTeX (JAW)
\etb@tempcnta=\count274
) (/usr/local/texlive/2025/texmf-dist/tex/generic/stringenc/stringenc.sty
Package: stringenc 2019/11/29 v1.12 Convert strings between diff. encodings (HO)
)
\@linkdim=\dimen150
\Hy@linkcounter=\count275
\Hy@pagecounter=\count276
 (/usr/local/texlive/2025/texmf-dist/tex/latex/hyperref/pd1enc.def
File: pd1enc.def 2024-11-05 v7.01l Hyperref: PDFDocEncoding definition (HO)
Now handling font encoding PD1 ...
... no UTF-8 mapping file for font encoding PD1
) (/usr/local/texlive/2025/texmf-dist/tex/generic/intcalc/intcalc.sty
Package: intcalc 2019/12/15 v1.3 Expandable calculations with integers (HO)
)
\Hy@SavedSpaceFactor=\count277
 (/usr/local/texlive/2025/texmf-dist/tex/latex/hyperref/puenc.def
File: puenc.def 2024-11-05 v7.01l Hyperref: PDF Unicode definition (HO)
Now handling font encoding PU ...
... no UTF-8 mapping file for font encoding PU
)
Package hyperref Info: Hyper figures OFF on input line 4157.
Package hyperref Info: Link nesting OFF on input line 4162.
Package hyperref Info: Hyper index ON on input line 4165.
Package hyperref Info: Plain pages OFF on input line 4172.
Package hyperref Info: Backreferencing OFF on input line 4177.
Package hyperref Info: Implicit mode ON; LaTeX internals redefined.
Package hyperref Info: Bookmarks ON on input line 4424.
\c@Hy@tempcnt=\count278
 (/usr/local/texlive/2025/texmf-dist/tex/latex/url/url.sty
\Urlmuskip=\muskip17
Package: url 2013/09/16  ver 3.4  Verb mode for urls, etc.
)
LaTeX Info: Redefining \url on input line 4763.
\XeTeXLinkMargin=\dimen151
 (/usr/local/texlive/2025/texmf-dist/tex/generic/bitset/bitset.sty
Package: bitset 2019/12/09 v1.3 Handle bit-vector datatype (HO)
 (/usr/local/texlive/2025/texmf-dist/tex/generic/bigintcalc/bigintcalc.sty
Package: bigintcalc 2019/12/15 v1.5 Expandable calculations on big integers (HO)
))
\Fld@menulength=\count279
\Field@Width=\dimen152
\Fld@charsize=\dimen153
Package hyperref Info: Hyper figures OFF on input line 6042.
Package hyperref Info: Link nesting OFF on input line 6047.
Package hyperref Info: Hyper index ON on input line 6050.
Package hyperref Info: backreferencing OFF on input line 6057.
Package hyperref Info: Link coloring OFF on input line 6062.
Package hyperref Info: Link coloring with OCG OFF on input line 6067.
Package hyperref Info: PDF/A mode OFF on input line 6072.
 (/usr/local/texlive/2025/texmf-dist/tex/latex/base/atbegshi-ltx.sty
Package: atbegshi-ltx 2021/01/10 v1.0c Emulation of the original atbegshi
package with kernel methods
)
\Hy@abspage=\count280
\c@Item=\count281
\c@Hfootnote=\count282
)
Package hyperref Info: Driver (autodetected): hpdftex.
 (/usr/local/texlive/2025/texmf-dist/tex/latex/hyperref/hpdftex.def
File: hpdftex.def 2024-11-05 v7.01l Hyperref driver for pdfTeX
 (/usr/local/texlive/2025/texmf-dist/tex/latex/base/atveryend-ltx.sty
Package: atveryend-ltx 2020/08/19 v1.0a Emulation of the original atveryend package
with kernel methods
)
\Fld@listcount=\count283
\c@bookmark@seq@number=\count284
 (/usr/local/texlive/2025/texmf-dist/tex/latex/rerunfilecheck/rerunfilecheck.sty
Package: rerunfilecheck 2022-07-10 v1.10 Rerun checks for auxiliary files (HO)
 (/usr/local/texlive/2025/texmf-dist/tex/generic/uniquecounter/uniquecounter.sty
Package: uniquecounter 2019/12/15 v1.4 Provide unlimited unique counter (HO)
)
Package uniquecounter Info: New unique counter `rerunfilecheck' on input line 285.
)
\Hy@SectionHShift=\skip51
) (/usr/local/texlive/2025/texmf-dist/tex/latex/graphics/graphicx.sty
Package: graphicx 2021/09/16 v1.2d Enhanced LaTeX Graphics (DPC,SPQR)
 (/usr/local/texlive/2025/texmf-dist/tex/latex/graphics/graphics.sty
Package: graphics 2024/08/06 v1.4g Standard LaTeX Graphics (DPC,SPQR)
 (/usr/local/texlive/2025/texmf-dist/tex/latex/graphics/trig.sty
Package: trig 2023/12/02 v1.11 sin cos tan (DPC)
) (/usr/local/texlive/2025/texmf-dist/tex/latex/graphics-cfg/graphics.cfg
File: graphics.cfg 2016/06/04 v1.11 sample graphics configuration
)
Package graphics Info: Driver file: pdftex.def on input line 106.
 (/usr/local/texlive/2025/texmf-dist/tex/latex/graphics-def/pdftex.def
File: pdftex.def 2024/04/13 v1.2c Graphics/color driver for pdftex
))
\Gin@req@height=\dimen154
\Gin@req@width=\dimen155
) (/usr/local/texlive/2025/texmf-dist/tex/latex/pgf/frontendlayer/tikz.sty (/usr/local/texlive/2025/texmf-dist/tex/latex/pgf/basiclayer/pgf.sty (/usr/local/texlive/2025/texmf-dist/tex/latex/pgf/utilities/pgfrcs.sty (/usr/local/texlive/2025/texmf-dist/tex/generic/pgf/utilities/pgfutil-common.tex
\pgfutil@everybye=\toks19
\pgfutil@tempdima=\dimen156
\pgfutil@tempdimb=\dimen157
) (/usr/local/texlive/2025/texmf-dist/tex/generic/pgf/utilities/pgfutil-latex.def
\pgfutil@abb=\box52
) (/usr/local/texlive/2025/texmf-dist/tex/generic/pgf/utilities/pgfrcs.code.tex (/usr/local/texlive/2025/texmf-dist/tex/generic/pgf/pgf.revision.tex)
Package: pgfrcs 2023-01-15 v3.1.10 (3.1.10)
))
Package: pgf 2023-01-15 v3.1.10 (3.1.10)
 (/usr/local/texlive/2025/texmf-dist/tex/latex/pgf/basiclayer/pgfcore.sty (/usr/local/texlive/2025/texmf-dist/tex/latex/pgf/systemlayer/pgfsys.sty (/usr/local/texlive/2025/texmf-dist/tex/generic/pgf/systemlayer/pgfsys.code.tex
Package: pgfsys 2023-01-15 v3.1.10 (3.1.10)
 (/usr/local/texlive/2025/texmf-dist/tex/generic/pgf/utilities/pgfkeys.code.tex
\pgfkeys@pathtoks=\toks20
\pgfkeys@temptoks=\toks21
 (/usr/local/texlive/2025/texmf-dist/tex/generic/pgf/utilities/pgfkeyslibraryfiltered.code.tex
\pgfkeys@tmptoks=\toks22
))
\pgf@x=\dimen158
\pgf@y=\dimen159
\pgf@xa=\dimen160
\pgf@ya=\dimen161
\pgf@xb=\dimen162
\pgf@yb=\dimen163
\pgf@xc=\dimen164
\pgf@yc=\dimen165
\pgf@xd=\dimen166
\pgf@yd=\dimen167
\w@pgf@writea=\write3
\r@pgf@reada=\read2
\c@pgf@counta=\count285
\c@pgf@countb=\count286
\c@pgf@countc=\count287
\c@pgf@countd=\count288
\t@pgf@toka=\toks23
\t@pgf@tokb=\toks24
\t@pgf@tokc=\toks25
\pgf@sys@id@count=\count289
 (/usr/local/texlive/2025/texmf-dist/tex/generic/pgf/systemlayer/pgf.cfg
File: pgf.cfg 2023-01-15 v3.1.10 (3.1.10)
)
Driver file for pgf: pgfsys-pdftex.def
 (/usr/local/texlive/2025/texmf-dist/tex/generic/pgf/systemlayer/pgfsys-pdftex.def
File: pgfsys-pdftex.def 2023-01-15 v3.1.10 (3.1.10)
 (/usr/local/texlive/2025/texmf-dist/tex/generic/pgf/systemlayer/pgfsys-common-pdf.def
File: pgfsys-common-pdf.def 2023-01-15 v3.1.10 (3.1.10)
))) (/usr/local/texlive/2025/texmf-dist/tex/generic/pgf/systemlayer/pgfsyssoftpath.code.tex
File: pgfsyssoftpath.code.tex 2023-01-15 v3.1.10 (3.1.10)
\pgfsyssoftpath@smallbuffer@items=\count290
\pgfsyssoftpath@bigbuffer@items=\count291
) (/usr/local/texlive/2025/texmf-dist/tex/generic/pgf/systemlayer/pgfsysprotocol.code.tex
File: pgfsysprotocol.code.tex 2023-01-15 v3.1.10 (3.1.10)
)) (/usr/local/texlive/2025/texmf-dist/tex/latex/xcolor/xcolor.sty
Package: xcolor 2024/09/29 v3.02 LaTeX color extensions (UK)
 (/usr/local/texlive/2025/texmf-dist/tex/latex/graphics-cfg/color.cfg
File: color.cfg 2016/01/02 v1.6 sample color configuration
)
Package xcolor Info: Driver file: pdftex.def on input line 274.
 (/usr/local/texlive/2025/texmf-dist/tex/latex/graphics/mathcolor.ltx)
Package xcolor Info: Model `cmy' substituted by `cmy0' on input line 1349.
Package xcolor Info: Model `hsb' substituted by `rgb' on input line 1353.
Package xcolor Info: Model `RGB' extended on input line 1365.
Package xcolor Info: Model `HTML' substituted by `rgb' on input line 1367.
Package xcolor Info: Model `Hsb' substituted by `hsb' on input line 1368.
Package xcolor Info: Model `tHsb' substituted by `hsb' on input line 1369.
Package xcolor Info: Model `HSB' substituted by `hsb' on input line 1370.
Package xcolor Info: Model `Gray' substituted by `gray' on input line 1371.
Package xcolor Info: Model `wave' substituted by `hsb' on input line 1372.
) (/usr/local/texlive/2025/texmf-dist/tex/generic/pgf/basiclayer/pgfcore.code.tex
Package: pgfcore 2023-01-15 v3.1.10 (3.1.10)
 (/usr/local/texlive/2025/texmf-dist/tex/generic/pgf/math/pgfmath.code.tex (/usr/local/texlive/2025/texmf-dist/tex/generic/pgf/math/pgfmathutil.code.tex) (/usr/local/texlive/2025/texmf-dist/tex/generic/pgf/math/pgfmathparser.code.tex
\pgfmath@dimen=\dimen168
\pgfmath@count=\count292
\pgfmath@box=\box53
\pgfmath@toks=\toks26
\pgfmath@stack@operand=\toks27
\pgfmath@stack@operation=\toks28
) (/usr/local/texlive/2025/texmf-dist/tex/generic/pgf/math/pgfmathfunctions.code.tex) (/usr/local/texlive/2025/texmf-dist/tex/generic/pgf/math/pgfmathfunctions.basic.code.tex) (/usr/local/texlive/2025/texmf-dist/tex/generic/pgf/math/pgfmathfunctions.trigonometric.code.tex) (/usr/local/texlive/2025/texmf-dist/tex/generic/pgf/math/pgfmathfunctions.random.code.tex) (/usr/local/texlive/2025/texmf-dist/tex/generic/pgf/math/pgfmathfunctions.comparison.code.tex) (/usr/local/texlive/2025/texmf-dist/tex/generic/pgf/math/pgfmathfunctions.base.code.tex) (/usr/local/texlive/2025/texmf-dist/tex/generic/pgf/math/pgfmathfunctions.round.code.tex) (/usr/local/texlive/2025/texmf-dist/tex/generic/pgf/math/pgfmathfunctions.misc.code.tex) (/usr/local/texlive/2025/texmf-dist/tex/generic/pgf/math/pgfmathfunctions.integerarithmetics.code.tex) (/usr/local/texlive/2025/texmf-dist/tex/generic/pgf/math/pgfmathcalc.code.tex) (/usr/local/texlive/2025/texmf-dist/tex/generic/pgf/math/pgfmathfloat.code.tex
\c@pgfmathroundto@lastzeros=\count293
)) (/usr/local/texlive/2025/texmf-dist/tex/generic/pgf/math/pgfint.code.tex) (/usr/local/texlive/2025/texmf-dist/tex/generic/pgf/basiclayer/pgfcorepoints.code.tex
File: pgfcorepoints.code.tex 2023-01-15 v3.1.10 (3.1.10)
\pgf@picminx=\dimen169
\pgf@picmaxx=\dimen170
\pgf@picminy=\dimen171
\pgf@picmaxy=\dimen172
\pgf@pathminx=\dimen173
\pgf@pathmaxx=\dimen174
\pgf@pathminy=\dimen175
\pgf@pathmaxy=\dimen176
\pgf@xx=\dimen177
\pgf@xy=\dimen178
\pgf@yx=\dimen179
\pgf@yy=\dimen180
\pgf@zx=\dimen181
\pgf@zy=\dimen182
) (/usr/local/texlive/2025/texmf-dist/tex/generic/pgf/basiclayer/pgfcorepathconstruct.code.tex
File: pgfcorepathconstruct.code.tex 2023-01-15 v3.1.10 (3.1.10)
\pgf@path@lastx=\dimen183
\pgf@path@lasty=\dimen184
) (/usr/local/texlive/2025/texmf-dist/tex/generic/pgf/basiclayer/pgfcorepathusage.code.tex
File: pgfcorepathusage.code.tex 2023-01-15 v3.1.10 (3.1.10)
\pgf@shorten@end@additional=\dimen185
\pgf@shorten@start@additional=\dimen186
) (/usr/local/texlive/2025/texmf-dist/tex/generic/pgf/basiclayer/pgfcorescopes.code.tex
File: pgfcorescopes.code.tex 2023-01-15 v3.1.10 (3.1.10)
\pgfpic=\box54
\pgf@hbox=\box55
\pgf@layerbox@main=\box56
\pgf@picture@serial@count=\count294
) (/usr/local/texlive/2025/texmf-dist/tex/generic/pgf/basiclayer/pgfcoregraphicstate.code.tex
File: pgfcoregraphicstate.code.tex 2023-01-15 v3.1.10 (3.1.10)
\pgflinewidth=\dimen187
) (/usr/local/texlive/2025/texmf-dist/tex/generic/pgf/basiclayer/pgfcoretransformations.code.tex
File: pgfcoretransformations.code.tex 2023-01-15 v3.1.10 (3.1.10)
\pgf@pt@x=\dimen188
\pgf@pt@y=\dimen189
\pgf@pt@temp=\dimen190
) (/usr/local/texlive/2025/texmf-dist/tex/generic/pgf/basiclayer/pgfcorequick.code.tex
File: pgfcorequick.code.tex 2023-01-15 v3.1.10 (3.1.10)
) (/usr/local/texlive/2025/texmf-dist/tex/generic/pgf/basiclayer/pgfcoreobjects.code.tex
File: pgfcoreobjects.code.tex 2023-01-15 v3.1.10 (3.1.10)
) (/usr/local/texlive/2025/texmf-dist/tex/generic/pgf/basiclayer/pgfcorepathprocessing.code.tex
File: pgfcorepathprocessing.code.tex 2023-01-15 v3.1.10 (3.1.10)
) (/usr/local/texlive/2025/texmf-dist/tex/generic/pgf/basiclayer/pgfcorearrows.code.tex
File: pgfcorearrows.code.tex 2023-01-15 v3.1.10 (3.1.10)
\pgfarrowsep=\dimen191
) (/usr/local/texlive/2025/texmf-dist/tex/generic/pgf/basiclayer/pgfcoreshade.code.tex
File: pgfcoreshade.code.tex 2023-01-15 v3.1.10 (3.1.10)
\pgf@max=\dimen192
\pgf@sys@shading@range@num=\count295
\pgf@shadingcount=\count296
) (/usr/local/texlive/2025/texmf-dist/tex/generic/pgf/basiclayer/pgfcoreimage.code.tex
File: pgfcoreimage.code.tex 2023-01-15 v3.1.10 (3.1.10)
) (/usr/local/texlive/2025/texmf-dist/tex/generic/pgf/basiclayer/pgfcoreexternal.code.tex
File: pgfcoreexternal.code.tex 2023-01-15 v3.1.10 (3.1.10)
\pgfexternal@startupbox=\box57
) (/usr/local/texlive/2025/texmf-dist/tex/generic/pgf/basiclayer/pgfcorelayers.code.tex
File: pgfcorelayers.code.tex 2023-01-15 v3.1.10 (3.1.10)
) (/usr/local/texlive/2025/texmf-dist/tex/generic/pgf/basiclayer/pgfcoretransparency.code.tex
File: pgfcoretransparency.code.tex 2023-01-15 v3.1.10 (3.1.10)
) (/usr/local/texlive/2025/texmf-dist/tex/generic/pgf/basiclayer/pgfcorepatterns.code.tex
File: pgfcorepatterns.code.tex 2023-01-15 v3.1.10 (3.1.10)
) (/usr/local/texlive/2025/texmf-dist/tex/generic/pgf/basiclayer/pgfcorerdf.code.tex
File: pgfcorerdf.code.tex 2023-01-15 v3.1.10 (3.1.10)
))) (/usr/local/texlive/2025/texmf-dist/tex/generic/pgf/modules/pgfmoduleshapes.code.tex
File: pgfmoduleshapes.code.tex 2023-01-15 v3.1.10 (3.1.10)
\pgfnodeparttextbox=\box58
) (/usr/local/texlive/2025/texmf-dist/tex/generic/pgf/modules/pgfmoduleplot.code.tex
File: pgfmoduleplot.code.tex 2023-01-15 v3.1.10 (3.1.10)
) (/usr/local/texlive/2025/texmf-dist/tex/latex/pgf/compatibility/pgfcomp-version-0-65.sty
Package: pgfcomp-version-0-65 2023-01-15 v3.1.10 (3.1.10)
\pgf@nodesepstart=\dimen193
\pgf@nodesepend=\dimen194
) (/usr/local/texlive/2025/texmf-dist/tex/latex/pgf/compatibility/pgfcomp-version-1-18.sty
Package: pgfcomp-version-1-18 2023-01-15 v3.1.10 (3.1.10)
)) (/usr/local/texlive/2025/texmf-dist/tex/latex/pgf/utilities/pgffor.sty (/usr/local/texlive/2025/texmf-dist/tex/latex/pgf/utilities/pgfkeys.sty (/usr/local/texlive/2025/texmf-dist/tex/generic/pgf/utilities/pgfkeys.code.tex)) (/usr/local/texlive/2025/texmf-dist/tex/latex/pgf/math/pgfmath.sty (/usr/local/texlive/2025/texmf-dist/tex/generic/pgf/math/pgfmath.code.tex)) (/usr/local/texlive/2025/texmf-dist/tex/generic/pgf/utilities/pgffor.code.tex
Package: pgffor 2023-01-15 v3.1.10 (3.1.10)
\pgffor@iter=\dimen195
\pgffor@skip=\dimen196
\pgffor@stack=\toks29
\pgffor@toks=\toks30
)) (/usr/local/texlive/2025/texmf-dist/tex/generic/pgf/frontendlayer/tikz/tikz.code.tex
Package: tikz 2023-01-15 v3.1.10 (3.1.10)
 (/usr/local/texlive/2025/texmf-dist/tex/generic/pgf/libraries/pgflibraryplothandlers.code.tex
File: pgflibraryplothandlers.code.tex 2023-01-15 v3.1.10 (3.1.10)
\pgf@plot@mark@count=\count297
\pgfplotmarksize=\dimen197
)
\tikz@lastx=\dimen198
\tikz@lasty=\dimen199
\tikz@lastxsaved=\dimen256
\tikz@lastysaved=\dimen257
\tikz@lastmovetox=\dimen258
\tikz@lastmovetoy=\dimen259
\tikzleveldistance=\dimen260
\tikzsiblingdistance=\dimen261
\tikz@figbox=\box59
\tikz@figbox@bg=\box60
\tikz@tempbox=\box61
\tikz@tempbox@bg=\box62
\tikztreelevel=\count298
\tikznumberofchildren=\count299
\tikznumberofcurrentchild=\count300
\tikz@fig@count=\count301
 (/usr/local/texlive/2025/texmf-dist/tex/generic/pgf/modules/pgfmodulematrix.code.tex
File: pgfmodulematrix.code.tex 2023-01-15 v3.1.10 (3.1.10)
\pgfmatrixcurrentrow=\count302
\pgfmatrixcurrentcolumn=\count303
\pgf@matrix@numberofcolumns=\count304
)
\tikz@expandcount=\count305
 (/usr/local/texlive/2025/texmf-dist/tex/generic/pgf/frontendlayer/tikz/libraries/tikzlibrarytopaths.code.tex
File: tikzlibrarytopaths.code.tex 2023-01-15 v3.1.10 (3.1.10)
))) (/usr/local/texlive/2025/texmf-dist/tex/generic/pgf/libraries/pgflibraryarrows.meta.code.tex
File: pgflibraryarrows.meta.code.tex 2023-01-15 v3.1.10 (3.1.10)
\pgfarrowinset=\dimen262
\pgfarrowlength=\dimen263
\pgfarrowwidth=\dimen264
\pgfarrowlinewidth=\dimen265
) (/usr/local/texlive/2025/texmf-dist/tex/generic/pgf/frontendlayer/tikz/libraries/tikzlibrarypositioning.code.tex
File: tikzlibrarypositioning.code.tex 2023-01-15 v3.1.10 (3.1.10)
) (/usr/local/texlive/2025/texmf-dist/tex/generic/pgf/frontendlayer/tikz/libraries/tikzlibraryfit.code.tex
File: tikzlibraryfit.code.tex 2023-01-15 v3.1.10 (3.1.10)
) (/usr/local/texlive/2025/texmf-dist/tex/latex/booktabs/booktabs.sty
Package: booktabs 2020/01/12 v1.61803398 Publication quality tables
\heavyrulewidth=\dimen266
\lightrulewidth=\dimen267
\cmidrulewidth=\dimen268
\belowrulesep=\dimen269
\belowbottomsep=\dimen270
\aboverulesep=\dimen271
\abovetopsep=\dimen272
\cmidrulesep=\dimen273
\cmidrulekern=\dimen274
\defaultaddspace=\dimen275
\@cmidla=\count306
\@cmidlb=\count307
\@aboverulesep=\dimen276
\@belowrulesep=\dimen277
\@thisruleclass=\count308
\@lastruleclass=\count309
\@thisrulewidth=\dimen278
) (/usr/local/texlive/2025/texmf-dist/tex/latex/tools/array.sty
Package: array 2024/10/17 v2.6g Tabular extension package (FMi)
\col@sep=\dimen279
\ar@mcellbox=\box63
\extrarowheight=\dimen280
\NC@list=\toks31
\extratabsurround=\skip52
\backup@length=\skip53
\ar@cellbox=\box64
) (/usr/local/texlive/2025/texmf-dist/tex/latex/caption/caption.sty
Package: caption 2023/08/05 v3.6o Customizing captions (AR)
 (/usr/local/texlive/2025/texmf-dist/tex/latex/caption/caption3.sty
Package: caption3 2023/07/31 v2.4d caption3 kernel (AR)
\caption@tempdima=\dimen281
\captionmargin=\dimen282
\caption@leftmargin=\dimen283
\caption@rightmargin=\dimen284
\caption@width=\dimen285
\caption@indent=\dimen286
\caption@parindent=\dimen287
\caption@hangindent=\dimen288
Package caption Info: Standard document class detected.
)
\c@caption@flags=\count310
\c@continuedfloat=\count311
Package caption Info: hyperref package is loaded.
) (/usr/local/texlive/2025/texmf-dist/tex/latex/algorithms/algorithm.sty
Package: algorithm 2009/08/24 v0.1 Document Style `algorithm' - floating environment
 (/usr/local/texlive/2025/texmf-dist/tex/latex/float/float.sty
Package: float 2001/11/08 v1.3d Float enhancements (AL)
\c@float@type=\count312
\float@exts=\toks32
\float@box=\box65
\@float@everytoks=\toks33
\@floatcapt=\box66
) (/usr/local/texlive/2025/texmf-dist/tex/latex/base/ifthen.sty
Package: ifthen 2024/03/16 v1.1e Standard LaTeX ifthen package (DPC)
)
\@float@every@algorithm=\toks34
\c@algorithm=\count313
) (/usr/local/texlive/2025/texmf-dist/tex/latex/algorithmicx/algpseudocode.sty
Package: algpseudocode 
 (/usr/local/texlive/2025/texmf-dist/tex/latex/algorithmicx/algorithmicx.sty
Package: algorithmicx 2005/04/27 v1.2 Algorithmicx

Document Style algorithmicx 1.2 - a greatly improved `algorithmic' style
\c@ALG@line=\count314
\c@ALG@rem=\count315
\c@ALG@nested=\count316
\ALG@tlm=\skip54
\ALG@thistlm=\skip55
\c@ALG@Lnr=\count317
\c@ALG@blocknr=\count318
\c@ALG@storecount=\count319
\c@ALG@tmpcounter=\count320
\ALG@tmplength=\skip56
)
Document Style - pseudocode environments for use with the `algorithmicx' style
) (/usr/local/texlive/2025/texmf-dist/tex/latex/listings/listings.sty
\lst@mode=\count321
\lst@gtempboxa=\box67
\lst@token=\toks35
\lst@length=\count322
\lst@currlwidth=\dimen289
\lst@column=\count323
\lst@pos=\count324
\lst@lostspace=\dimen290
\lst@width=\dimen291
\lst@newlines=\count325
\lst@lineno=\count326
\lst@maxwidth=\dimen292
 (/usr/local/texlive/2025/texmf-dist/tex/latex/listings/lstpatch.sty
File: lstpatch.sty 2024/09/23 1.10c (Carsten Heinz)
) (/usr/local/texlive/2025/texmf-dist/tex/latex/listings/lstmisc.sty
File: lstmisc.sty 2024/09/23 1.10c (Carsten Heinz)
\c@lstnumber=\count327
\lst@skipnumbers=\count328
\lst@framebox=\box68
) (/usr/local/texlive/2025/texmf-dist/tex/latex/listings/listings.cfg
File: listings.cfg 2024/09/23 1.10c listings configuration
))
Package: listings 2024/09/23 1.10c (Carsten Heinz)
Package hyperref Info: Option `colorlinks' set `true' on input line 34.
 (/usr/local/texlive/2025/texmf-dist/tex/latex/l3backend/l3backend-pdftex.def
File: l3backend-pdftex.def 2024-05-08 L3 backend support: PDF output (pdfTeX)
\l__color_backend_stack_int=\count329
\l__pdf_internal_box=\box69
) (./handbook.aux)
\openout1 = `handbook.aux'.

LaTeX Font Info:    Checking defaults for OML/cmm/m/it on input line 40.
LaTeX Font Info:    ... okay on input line 40.
LaTeX Font Info:    Checking defaults for OMS/cmsy/m/n on input line 40.
LaTeX Font Info:    ... okay on input line 40.
LaTeX Font Info:    Checking defaults for OT1/cmr/m/n on input line 40.
LaTeX Font Info:    ... okay on input line 40.
LaTeX Font Info:    Checking defaults for T1/cmr/m/n on input line 40.
LaTeX Font Info:    ... okay on input line 40.
LaTeX Font Info:    Checking defaults for TS1/cmr/m/n on input line 40.
LaTeX Font Info:    ... okay on input line 40.
LaTeX Font Info:    Checking defaults for OMX/cmex/m/n on input line 40.
LaTeX Font Info:    ... okay on input line 40.
LaTeX Font Info:    Checking defaults for U/cmr/m/n on input line 40.
LaTeX Font Info:    ... okay on input line 40.
LaTeX Font Info:    Checking defaults for PD1/pdf/m/n on input line 40.
LaTeX Font Info:    ... okay on input line 40.
LaTeX Font Info:    Checking defaults for PU/pdf/m/n on input line 40.
LaTeX Font Info:    ... okay on input line 40.

*geometry* driver: auto-detecting
*geometry* detected driver: pdftex
*geometry* verbose mode - [ preamble ] result:
* driver: pdftex
* paper: <default>
* layout: <same size as paper>
* layoutoffset:(h,v)=(0.0pt,0.0pt)
* modes: 
* h-part:(L,W,R)=(72.26999pt, 469.75502pt, 72.26999pt)
* v-part:(T,H,B)=(72.26999pt, 650.43001pt, 72.26999pt)
* \paperwidth=614.295pt
* \paperheight=794.96999pt
* \textwidth=469.75502pt
* \textheight=650.43001pt
* \oddsidemargin=0.0pt
* \evensidemargin=0.0pt
* \topmargin=-37.0pt
* \headheight=12.0pt
* \headsep=25.0pt
* \topskip=11.0pt
* \footskip=30.0pt
* \marginparwidth=59.0pt
* \marginparsep=10.0pt
* \columnsep=10.0pt
* \skip\footins=10.0pt plus 4.0pt minus 2.0pt
* \hoffset=0.0pt
* \voffset=0.0pt
* \mag=1000
* \@twocolumnfalse
* \@twosidefalse
* \@mparswitchfalse
* \@reversemarginfalse
* (1in=72.27pt=25.4mm, 1cm=28.453pt)

Package hyperref Info: Link coloring ON on input line 40.
(./handbook.out) (./handbook.out)
\@outlinefile=\write4
\openout4 = `handbook.out'.

 (/usr/local/texlive/2025/texmf-dist/tex/context/base/mkii/supp-pdf.mkii
[Loading MPS to PDF converter (version 2006.09.02).]
\scratchcounter=\count330
\scratchdimen=\dimen293
\scratchbox=\box70
\nofMPsegments=\count331
\nofMParguments=\count332
\everyMPshowfont=\toks36
\MPscratchCnt=\count333
\MPscratchDim=\dimen294
\MPnumerator=\count334
\makeMPintoPDFobject=\count335
\everyMPtoPDFconversion=\toks37
) (/usr/local/texlive/2025/texmf-dist/tex/latex/epstopdf-pkg/epstopdf-base.sty
Package: epstopdf-base 2020-01-24 v2.11 Base part for package epstopdf
Package epstopdf-base Info: Redefining graphics rule for `.eps' on input line 485.
 (/usr/local/texlive/2025/texmf-dist/tex/latex/latexconfig/epstopdf-sys.cfg
File: epstopdf-sys.cfg 2010/07/13 v1.3 Configuration of (r)epstopdf for TeX Live
))
Package caption Info: Begin \AtBeginDocument code.
Package caption Info: float package is loaded.
Package caption Info: listings package is loaded.
Package caption Info: End \AtBeginDocument code.
\c@lstlisting=\count336
LaTeX Font Info:    External font `cmex10' loaded for size
(Font)              <12> on input line 42.
LaTeX Font Info:    External font `cmex10' loaded for size
(Font)              <8> on input line 42.
LaTeX Font Info:    External font `cmex10' loaded for size
(Font)              <6> on input line 42.
 (./handbook.toc
LaTeX Font Info:    External font `cmex10' loaded for size
(Font)              <10.95> on input line 2.
LaTeX Font Info:    Font shape `OT1/cmtt/bx/n' in size <10.95> not available
(Font)              Font shape `OT1/cmtt/m/n' tried instead on input line 22.


[1

{/usr/local/texlive/2025/texmf-var/fonts/map/pdftex/updmap/pdftex.map}])
\tf@toc=\write5
\openout5 = `handbook.toc'.



[2]
Underfull \hbox (badness 3803) in paragraph at lines 85--85
\OT1/cmr/m/it/10.95 Implemented\OT1/cmr/m/n/10.95 : WS-DL/XSD are copied from the cho-sen \OT1/cmtt/m/n/10.95 Dependencies* \OT1/cmr/m/n/10.95 tree into
 []


Overfull \hbox (10.68585pt too wide) in paragraph at lines 81--87
[]
 []


Overfull \hbox (10.68585pt too wide) in paragraph at lines 91--97
[]
 []



[3{/usr/local/texlive/2025/texmf-dist/fonts/enc/dvips/cm-super/cm-super-ts1.enc}]
Overfull \hbox (50.79419pt too wide) in paragraph at lines 98--99
\OT1/cmr/m/n/10.95 level trans-for-ma-tion rules: ``Copy \OT1/cmtt/m/n/10.95 Address/City \OT1/cmr/m/n/10.95 from the in-com-ing mes-sage to \OT1/cmtt/m/n/10.95 Location/Municipality
 []


Underfull \hbox (badness 1168) in paragraph at lines 105--105
\OT1/cmr/m/it/10.95 Implemented\OT1/cmr/m/n/10.95 : \OT1/cmtt/m/n/10.95 Dependencies/Maps \OT1/cmr/m/n/10.95 are scanned; maps are con-verted to XSLT un-der
 []


Overfull \hbox (10.68585pt too wide) in paragraph at lines 101--107
[]
 []


Underfull \hbox (badness 1838) in paragraph at lines 115--115
\OT1/cmr/m/it/10.95 Implemented\OT1/cmr/m/n/10.95 : The or-ches-tra-tion is ex-pressed in a sin-gle \OT1/cmtt/m/n/10.95 routes/loc-service.yaml
 []


Overfull \hbox (10.68585pt too wide) in paragraph at lines 111--117
[]
 []



[4]
Package hyperref Info: bookmark level for unknown algorithm defaults to 0 on input line 124.
 (/usr/local/texlive/2025/texmf-dist/tex/latex/listings/lstlang1.sty
File: lstlang1.sty 2024/09/23 1.10c listings language file
) (/usr/local/texlive/2025/texmf-dist/tex/latex/listings/lstmisc.sty
File: lstmisc.sty 2024/09/23 1.10c (Carsten Heinz)
)
Package hyperref Info: bookmark level for unknown lstlisting defaults to 0 on input line 155.


[5]
Overfull \hbox (47.40602pt too wide) in paragraph at lines 183--184
\OT1/cmr/m/n/10.95 pace (\OT1/cmtt/m/n/10.95 http://example.com/loc3x1m\OT1/cmr/m/n/10.95 ) and de-clares nec-es-sary XML names-paces. The \OT1/cmtt/m/n/10.95 targetNamespace
 []


Overfull \hbox (26.88672pt too wide) in paragraph at lines 185--186
\OT1/cmr/m/n/10.95 opens a schema dec-la-ra-tion with its own tar-get names-pace (\OT1/cmtt/m/n/10.95 http://example.com/loc3x1m/types\OT1/cmr/m/n/10.95 ),
 []


Overfull \hbox (78.1593pt too wide) in paragraph at lines 187--188
\OT1/cmr/m/n/10.95 uses a sin-gle document-style part. For a de-vel-oper, the key take-away is that \OT1/cmtt/m/n/10.95 element="xsd:GetLocationList"
 []



[6]
Overfull \hbox (5.95052pt too wide) in paragraph at lines 191--192
\OT1/cmr/m/n/10.95 re-ceive a \OT1/cmtt/m/n/10.95 GetLocationListResponse\OT1/cmr/m/n/10.95 . Other pat-terns ex-ist (one-way, no-ti-fi-ca-tion), but request-
 []


Overfull \hbox (29.21075pt too wide) in paragraph at lines 193--194
[]\OT1/cmr/bx/n/10.95 Line 21\OT1/cmr/m/n/10.95 : Closes the WSDL doc-u-ment. In a com-plete WSDL, sub-se-quent sec-tions (\OT1/cmtt/m/n/10.95 <wsdl:binding>\OT1/cmr/m/n/10.95 ,
 []


Overfull \hbox (10.52325pt too wide) in paragraph at lines 196--197
\OT1/cmr/m/n/10.95 ta-tion must repli-cate this: gen-er-ate Java PO-JOs from the XSD, con-struct a \OT1/cmtt/m/n/10.95 GetLocationListRequest
 []


Overfull \hbox (5.31946pt too wide) in paragraph at lines 196--197
\OT1/cmr/m/n/10.95 ob-ject, in-voke the SOAP ser-vice (us-ing CXF or JAX-WS), and parse the \OT1/cmtt/m/n/10.95 GetLocationListResponse\OT1/cmr/m/n/10.95 . 
 []



[7]
Overfull \hbox (61.79631pt too wide) in paragraph at lines 220--221
[]\OT1/cmr/bx/n/10.95 Line 3\OT1/cmr/m/n/10.95 : De-clares a global el-e-ment named \OT1/cmtt/m/n/10.95 StatusInformation\OT1/cmr/m/n/10.95 , typed as \OT1/cmtt/m/n/10.95 common:StatusInformationType\OT1/cmr/m/n/10.95 .
 []


Overfull \hbox (9.27876pt too wide) in paragraph at lines 235--236
\OT1/cmr/m/it/10.95 Integration in-sight\OT1/cmr/m/n/10.95 : The WSDL mes-sages (List-ing [][]1[][]) ref-er-ence el-e-ments like \OT1/cmtt/m/n/10.95 GetLocationListResult\OT1/cmr/m/n/10.95 ,
 []



[8]

[9]
Overfull \hbox (50.76616pt too wide) in paragraph at lines 275--276
[]\OT1/cmr/bx/n/10.95 WSDL mes-sages ref-er-ence XSD el-e-ments\OT1/cmr/m/n/10.95 : In List-ing [][]1[][], lines 9--14 de-fine \OT1/cmtt/m/n/10.95 GetLocationListRequest
 []


Overfull \hbox (26.0422pt too wide) in paragraph at lines 277--278
[]\OT1/cmr/bx/n/10.95 BPEL in-vo-ca-tions tar-get WSDL op-er-a-tions\OT1/cmr/m/n/10.95 : In List-ing [][]3[][], line 5 in-vokes the \OT1/cmtt/m/n/10.95 GetLocationList
 []


Overfull \hbox (19.13087pt too wide) in paragraph at lines 277--278
\OT1/cmr/m/n/10.95 HTTP, de-se-ri-alises the re-sponse into the \OT1/cmtt/m/n/10.95 res \OT1/cmr/m/n/10.95 vari-able (con-form-ing to \OT1/cmtt/m/n/10.95 GetLocationListResponse\OT1/cmr/m/n/10.95 ),
 []


Overfull \hbox (10.68585pt too wide) in paragraph at lines 280--286
[]
 []



[10]
Overfull \hbox (39.61348pt too wide) in paragraph at lines 336--337
 [][] 
 []



[11]
Overfull \hbox (70.83669pt too wide) in paragraph at lines 371--372
\OT1/cmr/m/n/10.95 route hard-codes the se-quence: \OT1/cmtt/m/n/10.95 .to("direct:crp11x1").to("direct:crp10x1").to("direct:loc3x1m")\OT1/cmr/m/n/10.95 . 
 []



[12]
Overfull \hbox (93.92813pt too wide) in paragraph at lines 381--382
[]\OT1/cmr/bx/n/10.95 Line 13 (Per-sist out-put)\OT1/cmr/m/n/10.95 : The fi-nal \OT1/cmtt/m/n/10.95 mapped \OT1/cmr/m/n/10.95 XML doc-u-ment is se-ri-alised to \OT1/cmtt/m/n/10.95 CHUBB/output/loc3x1[]result.xml\OT1/cmr/m/n/10.95 .
 []



[13]
Underfull \hbox (badness 10000) in paragraph at lines 388--388
\OT1/cmr/m/it/10.95 Implemented\OT1/cmr/m/n/10.95 : XML out-put is pro-duced de-ter-min-is-ti-cally to
 []


Underfull \hbox (badness 1430) in paragraph at lines 388--388
\OT1/cmtt/m/n/10.95 CHUBB/output/loc3x1[]result.xml\OT1/cmr/m/n/10.95 ; REST end-points ac-cept JSON/XML re-quests and
 []


Overfull \hbox (10.68585pt too wide) in paragraph at lines 384--390
[]
 []


Overfull \hbox (39.88945pt too wide) in paragraph at lines 401--402
[]\OT1/cmr/bx/n/10.95 Contracts\OT1/cmr/m/n/10.95 : The \OT1/cmtt/m/n/10.95 LocationRetrievalLOC3X1M/ \OT1/cmr/m/n/10.95 di-rec-tory con-tains \OT1/cmtt/m/n/10.95 LocationRetrievalLOC3X1M.wsdl
 []


Overfull \hbox (74.42757pt too wide) in paragraph at lines 403--404
\OT1/cmr/m/n/10.95 (List-ing [][]2[][]), \OT1/cmtt/m/n/10.95 TaxingJurisdiction.xsd \OT1/cmr/m/n/10.95 (defin-ing tax codes and ju-ris-dic-tion bound-aries), \OT1/cmtt/m/n/10.95 TypedAddressX3.xsd
 []


Overfull \hbox (37.28894pt too wide) in paragraph at lines 403--404
\OT1/cmr/m/n/10.95 (a com-plex ad-dress struc-ture with op-tional fields like \OT1/cmtt/m/n/10.95 AddressLine3\OT1/cmr/m/n/10.95 , \OT1/cmtt/m/n/10.95 County\OT1/cmr/m/n/10.95 , \OT1/cmtt/m/n/10.95 PostalCodeExtension\OT1/cmr/m/n/10.95 ).
 []


Overfull \hbox (75.8774pt too wide) in paragraph at lines 405--406
\OT1/cmr/m/n/10.95 Server. Our mod-erni-sa-tion trans-lates it into a Camel route (\OT1/cmtt/m/n/10.95 src/main/resources/camel/main-route.yaml\OT1/cmr/m/n/10.95 ),
 []


Overfull \hbox (132.76451pt too wide) in paragraph at lines 407--408
\OT1/cmr/m/n/10.95 ing trans-for-ma-tions like ``copy \OT1/cmtt/m/n/10.95 LOC3X1M/StatusInformation/StatusCode \OT1/cmr/m/n/10.95 to \OT1/cmtt/m/n/10.95 LOC3X1B/StatusInformation/StatusCode\OT1/cmr/m/n/10.95 ,
 []


Overfull \hbox (22.04797pt too wide) in paragraph at lines 407--408
\OT1/cmr/m/n/10.95 nor-mal-is-ing codes (e.g., \OT1/cmtt/m/n/10.95 SUCCESS $\OMS/cmsy/m/n/10.95 !$ \OT1/cmtt/m/n/10.95 0\OT1/cmr/m/n/10.95 ),'' or ``if \OT1/cmtt/m/n/10.95 LOC3X1M/TaxingJurisdiction/FireDistrictCode
 []



[14]
Overfull \hbox (58.79218pt too wide) in paragraph at lines 409--410
\OT1/cmr/m/n/10.95 sen-ta-tive pay-load: an ad-dress with \OT1/cmtt/m/n/10.95 City="Los Angeles"\OT1/cmr/m/n/10.95 , \OT1/cmtt/m/n/10.95 StateOrProvince="CA"\OT1/cmr/m/n/10.95 , \OT1/cmtt/m/n/10.95 PostalCode="90210"\OT1/cmr/m/n/10.95 ,
 []


Overfull \hbox (56.29005pt too wide) in paragraph at lines 409--410
\OT1/cmr/m/n/10.95 but miss-ing \OT1/cmtt/m/n/10.95 Country\OT1/cmr/m/n/10.95 . The Camel route pro-cesses this in-put: (1) val-i-dates it against \OT1/cmtt/m/n/10.95 TypedAddressX3.xsd\OT1/cmr/m/n/10.95 ,
 []


Overfull \hbox (75.77406pt too wide) in paragraph at lines 409--410
\OT1/cmr/m/n/10.95 ceiv-ing a re-sponse with lo-ca-tion de-tails and tax ju-ris-dic-tion codes, (4) ap-plies \OT1/cmtt/m/n/10.95 main[]mapper[]with[]submaps.xsl
 []


Overfull \hbox (1.91605pt too wide) in paragraph at lines 409--410
\OT1/cmr/m/n/10.95 to re-shape the re-sponse into LOC3X1B for-mat, (5) writes \OT1/cmtt/m/n/10.95 CHUBB/output/loc3x1[]result.xml\OT1/cmr/m/n/10.95 .
 []



[15]
Overfull \hbox (1.55597pt too wide) in paragraph at lines 423--424
[]\OT1/cmr/bx/n/10.95 Integrate en-rich-ment (state/-coun-try lookups) and ex-ter-nal ser-vices us-ing HTTP/-
 []


Overfull \hbox (24.2015pt too wide) in paragraph at lines 425--426
[]\OT1/cmr/bx/n/10.95 Deliver a PoC that writes a ver-i-fi-able XML arte-fact to \OT1/cmtt/m/n/10.95 CHUBB/output/loc3x1[]result.xml\OT1/cmr/m/n/10.95 :
 []



[16]
Overfull \hbox (142.13026pt too wide) in paragraph at lines 447--448
\OT1/cmr/m/n/10.95 XSLT trans-forms XML us-ing declar-a-tive tem-plates [[]]. The map-ping logic is en-coded in \OT1/cmtt/m/n/10.95 CHUBB/main[]mapper[]with[]submaps.xsl\OT1/cmr/m/n/10.95 ,
 []

LaTeX Font Info:    Font shape `OT1/cmtt/bx/n' in size <14.4> not available
(Font)              Font shape `OT1/cmtt/m/n' tried instead on input line 452.

Overfull \hbox (12.43832pt too wide) in paragraph at lines 455--456
[]\OT1/cmr/m/n/10.95 Service Con-tracts: \OT1/cmtt/m/n/10.95 LocationRetrievalLOC3X1*/ \OT1/cmr/m/n/10.95 WS-DL/XSD; \OT1/cmtt/m/n/10.95 CRP11X1\OT1/cmr/m/n/10.95 , \OT1/cmtt/m/n/10.95 CRP10X1 \OT1/cmr/m/n/10.95 WS-DL/XSD. 
 []



[17]

[18]
Overfull \hbox (22.69487pt too wide) in paragraph at lines 527--527
[]|\OT1/cmtt/m/n/10.95 TaxingJurisdiction/FireDistrictCode|  
 []


Overfull \hbox (11.1975pt too wide) in paragraph at lines 527--527
[]|\OT1/cmtt/m/n/10.95 PublicProtection/FireDistrictCode|  
 []



[19]
Overfull \hbox (12.52724pt too wide) in paragraph at lines 560--561
[]\OT1/cmtt/m/n/10.95 application.yml\OT1/cmr/m/n/10.95 : en-ables YAML routes from \OT1/cmtt/m/n/10.95 classpath:camel/*.yaml, classpath:*.yaml\OT1/cmr/m/n/10.95 ;
 []


Overfull \hbox (19.67567pt too wide) in paragraph at lines 566--567
[]\OT1/cmr/m/n/10.95 Development run: \OT1/cmtt/m/n/10.95 mvn -q -DskipTests -Dspring-boot.run.arguments=--server.port=8081
 []



[20]
Overfull \hbox (98.36742pt too wide) in paragraph at lines 572--573
[]\OT1/cmr/m/n/10.95 Demo end-point trig-gers the XSLT trans-for-ma-tion and writes the out-put file to \OT1/cmtt/m/n/10.95 CHUBB/output/loc3x1[]result.xml\OT1/cmr/m/n/10.95 . 
 []


Overfull \hbox (12.32274pt too wide) in paragraph at lines 573--574
[]\OT1/cmr/m/n/10.95 Inspect the file to con-firm size and con-tent against ex-pec-ta-tions (e.g., \OT1/cmtt/m/n/10.95 happy[]path[]example.xml\OT1/cmr/m/n/10.95 ). 
 []


Overfull \hbox (0.66272pt too wide) in paragraph at lines 587--587
[]\OT1/cmr/bx/n/14.4 Agent-Based Au-toma-tion with Python, Ol-lama, and Lang-Graph 
 []



[21]
Overfull \hbox (40.24817pt too wide) in paragraph at lines 603--604
[]\OT1/cmr/bx/n/10.95 Integration\OT1/cmr/m/n/10.95 : \OT1/cmtt/m/n/10.95 zeep \OT1/cmr/m/n/10.95 con-sumes WS-DLs from \OT1/cmtt/m/n/10.95 Dependencies \OT1/cmr/m/n/10.95 to in-voke SOAP ser-vices; \OT1/cmtt/m/n/10.95 lxml.etree.XSLT
 []



[22] (./handbook.bbl
Underfull \hbox (badness 10000) in paragraph at lines 10--14
[]\OT1/cmr/m/n/10.95 FasterXML.  Jack-son xml mod-ule.  [][]$\OT1/cmtt/m/n/10.95 https : / / github . com / FasterXML /
 []


Underfull \hbox (badness 3989) in paragraph at lines 40--44
[]\OT1/cmr/m/n/10.95 Eclipse Foun-da-tion.  Jakarta xml web ser-vices (jax-ws).  [][]$\OT1/cmtt/m/n/10.95 https : / / jakarta . ee /
 []


Underfull \hbox (badness 2005) in paragraph at lines 52--56
[]\OT1/cmr/m/n/10.95 OASIS.  Oa-sis bpel 2.0 spec-i-fi-ca-tion.  [][]$\OT1/cmtt/m/n/10.95 https : / / docs . oasis-[]open . org / wsbpel / 2 . 0 /
 []


Underfull \hbox (badness 1648) in paragraph at lines 58--63
[]\OT1/cmr/m/n/10.95 Pivotal/VMware.  Spring boot ref-er-ence doc-u-men-ta-tion.  [][]$\OT1/cmtt/m/n/10.95 https : / / docs . spring . io /
 []



[23])

[24] (./handbook.aux)
 ***********
LaTeX2e <2024-11-01> patch level 2
L3 programming layer <2025-01-18>
 ***********
Package rerunfilecheck Info: File `handbook.out' has not changed.
(rerunfilecheck)             Checksum: 8CB4160CCFDD60BED3364275677D9E81;5925.
 ) 
Here is how much of TeX's memory you used:
 24130 strings out of 473190
 445595 string characters out of 5715801
 1118957 words of memory out of 5000000
 46887 multiletter control sequences out of 15000+600000
 566443 words of font info for 63 fonts, out of 8000000 for 9000
 1141 hyphenation exceptions out of 8191
 84i,8n,91p,1452b,2119s stack positions out of 10000i,1000n,20000p,200000b,200000s
</usr/local/texlive/2025/texmf-dist/fonts/type1/public/amsfonts/cm/cmbx10.pfb></usr/local/texlive/2025/texmf-dist/fonts/type1/public/amsfonts/cm/cmbx12.pfb></usr/local/texlive/2025/texmf-dist/fonts/type1/public/amsfonts/cm/cmcsc10.pfb></usr/local/texlive/2025/texmf-dist/fonts/type1/public/amsfonts/cm/cmitt10.pfb></usr/local/texlive/2025/texmf-dist/fonts/type1/public/amsfonts/cm/cmmi10.pfb></usr/local/texlive/2025/texmf-dist/fonts/type1/public/amsfonts/cm/cmr10.pfb></usr/local/texlive/2025/texmf-dist/fonts/type1/public/amsfonts/cm/cmr12.pfb></usr/local/texlive/2025/texmf-dist/fonts/type1/public/amsfonts/cm/cmr17.pfb></usr/local/texlive/2025/texmf-dist/fonts/type1/public/amsfonts/cm/cmr8.pfb></usr/local/texlive/2025/texmf-dist/fonts/type1/public/amsfonts/cm/cmr9.pfb></usr/local/texlive/2025/texmf-dist/fonts/type1/public/amsfonts/cm/cmsy10.pfb></usr/local/texlive/2025/texmf-dist/fonts/type1/public/amsfonts/cm/cmti10.pfb></usr/local/texlive/2025/texmf-dist/fonts/type1/public/amsfonts/cm/cmtt10.pfb></usr/local/texlive/2025/texmf-dist/fonts/type1/public/amsfonts/cm/cmtt12.pfb></usr/local/texlive/2025/texmf-dist/fonts/type1/public/amsfonts/cm/cmtt9.pfb></usr/local/texlive/2025/texmf-dist/fonts/type1/public/cm-super/sfrm1095.pfb>
Output written on handbook.pdf (24 pages, 293966 bytes).
PDF statistics:
 567 PDF objects out of 1000 (max. 8388607)
 503 compressed objects within 6 object streams
 137 named destinations out of 1000 (max. 500000)
 309 words of extra memory for PDF output out of 10000 (max. 10000000)

