<?xml version="1.0" encoding="UTF-8"?>
<map:businessObjectMap xmlns:GetLocationList3X1BResponseMsg="smo://smo/name%3Dwsdl-body/message%3D%257Bhttp%253A%252F%252Fei%252Flocation%252Flocation_retrieval_loc3x1b%257DGetLocationList3X1BResponseMsg/xpath%3D%252Fbody/namespace%3DBOMap/smo.xsd" xmlns:GetLocationListResponseMsg="smo://smo/name%3Dwsdl-body/message%3D%257Bhttp%253A%252F%252Fei%252Flocation%252Flocation_retrieval_loc3x1%257DGetLocationListResponseMsg/xpath%3D%252Fbody/namespace%3DBOMap/smo.xsd" xmlns:LOC3X1GetLocationListReplyMap="http://Location2MediationModule" xmlns:map="http://www.ibm.com/xmlns/prod/websphere/wbiserver/map/6.0.0" targetNamespace="http://Location2MediationModule">
  <map:name>LOC3X1GetLocationListReplyMap</map:name>
  <map:inputBusinessObjectVariable businessObjectRef="GetLocationList3X1BResponseMsg:GetLocationList3X1BResponseMsg" name="GetLocationList3X1BResponseMsg"/>
  <map:outputBusinessObjectVariable businessObjectRef="GetLocationListResponseMsg:GetLocationListResponseMsg" name="GetLocationListResponseMsg"/>
  <map:propertyMap executionOrder="1">
    <map:submap submapName="LOC3X1GetLocationListReplyMap:LOC3X1GetLocationListReplySubMap">
      <map:input businessObjectVariableRef="GetLocationList3X1BResponseMsg" property="GetLocationList3X1BResponse/GetLocationListReply/Location" variableName="Location"/>
      <map:output businessObjectVariableRef="GetLocationListResponseMsg" property="GetLocationListResponse/GetLocationListReply/Location" variableName="Location_1"/>
    </map:submap>
  </map:propertyMap>
  <map:propertyMap executionOrder="2">
    <map:move>
      <map:input businessObjectVariableRef="GetLocationList3X1BResponseMsg" property="GetLocationList3X1BResponse/GetLocationListReply/StatusInformation"/>
      <map:output businessObjectVariableRef="GetLocationListResponseMsg" property="GetLocationListResponse/GetLocationListReply/StatusInformation"/>
    </map:move>
  </map:propertyMap>
</map:businessObjectMap>